---
source: crates/ruff_linter/src/rules/flake8_return/mod.rs
---
RET503 [*] Missing explicit `return` at the end of function able to return non-`None` value
  --> RET503.py:22:1
   |
21 |   # if/elif/else
22 | / def x(y):
23 | |     if not y:
24 | |         return 1
   | |________________^
25 |       # error
   |
help: Add explicit `return` statement
22 | def x(y):
23 |     if not y:
24 |         return 1
25 +     return None
26 |     # error
27 | 
28 | 
note: This is an unsafe fix and may change runtime behavior

RET503 [*] Missing explicit `return` at the end of function able to return non-`None` value
  --> RET503.py:28:1
   |
28 | / def x(y):
29 | |     if not y:
30 | |         print()  # error
31 | |     else:
32 | |         return 2
   | |________________^
   |
help: Add explicit `return` statement
30 |         print()  # error
31 |     else:
32 |         return 2
33 +     return None
34 | 
35 | 
36 | def x(y):
note: This is an unsafe fix and may change runtime behavior

RET503 [*] Missing explicit `return` at the end of function able to return non-`None` value
  --> RET503.py:35:1
   |
35 | / def x(y):
36 | |     if not y:
37 | |         return 1
38 | |
39 | |     print()  # error
   | |___________^
   |
help: Add explicit `return` statement
37 |         return 1
38 | 
39 |     print()  # error
40 +     return None
41 | 
42 | 
43 | # for
note: This is an unsafe fix and may change runtime behavior

RET503 [*] Missing explicit `return` at the end of function able to return non-`None` value
  --> RET503.py:43:1
   |
42 |   # for
43 | / def x(y):
44 | |     for i in range(10):
45 | |         if i > 10:
46 | |             return i
   | |____________________^
47 |       # error
   |
help: Add explicit `return` statement
44 |     for i in range(10):
45 |         if i > 10:
46 |             return i
47 +     return None
48 |     # error
49 | 
50 | 
note: This is an unsafe fix and may change runtime behavior

RET503 [*] Missing explicit `return` at the end of function able to return non-`None` value
  --> RET503.py:50:1
   |
50 | / def x(y):
51 | |     for i in range(10):
52 | |         if i > 10:
53 | |             return i
54 | |     else:
55 | |         print()  # error
   | |_______________^
   |
help: Add explicit `return` statement
53 |             return i
54 |     else:
55 |         print()  # error
56 +     return None
57 | 
58 | 
59 | # A nonexistent function
note: This is an unsafe fix and may change runtime behavior

RET503 [*] Missing explicit `return` at the end of function able to return non-`None` value
  --> RET503.py:59:1
   |
58 |   # A nonexistent function
59 | / def func_unknown(x):
60 | |     if x > 0:
61 | |         return False
62 | |     no_such_function()  # error
   | |______________________^
   |
help: Add explicit `return` statement
60 |     if x > 0:
61 |         return False
62 |     no_such_function()  # error
63 +     return None
64 | 
65 | 
66 | # A function that does return the control
note: This is an unsafe fix and may change runtime behavior

RET503 [*] Missing explicit `return` at the end of function able to return non-`None` value
  --> RET503.py:66:1
   |
65 |   # A function that does return the control
66 | / def func_no_noreturn(x):
67 | |     if x > 0:
68 | |         return False
69 | |     print("", end="")  # error
   | |_____________________^
   |
help: Add explicit `return` statement
67 |     if x > 0:
68 |         return False
69 |     print("", end="")  # error
70 +     return None
71 | 
72 | 
73 | class NotATestCase:
note: This is an unsafe fix and may change runtime behavior

RET503 [*] Missing explicit `return` at the end of function able to return non-`None` value
  --> RET503.py:76:1
   |
74 |           pass
75 |
76 | / def local_fail_is_not_noreturn(x):
77 | |     if x > 0:
78 | |         return 1
79 | |     NotATestCase().fail()
   | |_________________________^
   |
help: Add explicit `return` statement
77 |     if x > 0:
78 |         return 1
79 |     NotATestCase().fail()
80 +     return None
81 | 
82 | 
83 | ###
note: This is an unsafe fix and may change runtime behavior

RET503 [*] Missing explicit `return` at the end of function able to return non-`None` value
  --> RET503.py:94:1
   |
93 |   # last line in while loop
94 | / def x(y):
95 | |     while i > 0:
96 | |         if y > 0:
97 | |             return 1
98 | |         y += 1
   | |______________^
   |
help: Add explicit `return` statement
96  |         if y > 0:
97  |             return 1
98  |         y += 1
99  +     return None
100 | 
101 | 
102 | # exclude empty functions
note: This is an unsafe fix and may change runtime behavior

RET503 [*] Missing explicit `return` at the end of function able to return non-`None` value
   --> RET503.py:125:1
    |
124 |   # return value within loop
125 | / def bar1(x, y, z):
126 | |     for i in x:
127 | |         if i > y:
128 | |             break
129 | |         return z
    | |________________^
    |
help: Add explicit `return` statement
127 |         if i > y:
128 |             break
129 |         return z
130 +     return None
131 | 
132 | 
133 | def bar3(x, y, z):
note: This is an unsafe fix and may change runtime behavior

RET503 [*] Missing explicit `return` at the end of function able to return non-`None` value
   --> RET503.py:132:1
    |
132 | / def bar3(x, y, z):
133 | |     for i in x:
134 | |         if i > y:
135 | |             if z:
136 | |                 break
137 | |         else:
138 | |             return z
139 | |         return None
    | |___________________^
    |
help: Add explicit `return` statement
137 |         else:
138 |             return z
139 |         return None
140 +     return None
141 | 
142 | 
143 | def bar1(x, y, z):
note: This is an unsafe fix and may change runtime behavior

RET503 [*] Missing explicit `return` at the end of function able to return non-`None` value
   --> RET503.py:142:1
    |
142 | / def bar1(x, y, z):
143 | |     for i in x:
144 | |         if i < y:
145 | |             continue
146 | |         return z
    | |________________^
    |
help: Add explicit `return` statement
144 |         if i < y:
145 |             continue
146 |         return z
147 +     return None
148 | 
149 | 
150 | def bar3(x, y, z):
note: This is an unsafe fix and may change runtime behavior

RET503 [*] Missing explicit `return` at the end of function able to return non-`None` value
   --> RET503.py:149:1
    |
149 | / def bar3(x, y, z):
150 | |     for i in x:
151 | |         if i < y:
152 | |             if z:
153 | |                 continue
154 | |         else:
155 | |             return z
156 | |         return None
    | |___________________^
    |
help: Add explicit `return` statement
154 |         else:
155 |             return z
156 |         return None
157 +     return None
158 | 
159 | 
160 | def prompts(self, foo):
note: This is an unsafe fix and may change runtime behavior

RET503 [*] Missing explicit `return` at the end of function able to return non-`None` value
   --> RET503.py:294:1
    |
292 |           self.fail("boom")
293 |
294 | / def nested(values):
295 | |     if not values:
296 | |         return False
297 | |
298 | |     for value in values:
299 | |         print(value)
    | |____________________^
    |
help: Add explicit `return` statement
297 | 
298 |     for value in values:
299 |         print(value)
300 +     return None
301 | 
302 | 
303 | def while_true():
note: This is an unsafe fix and may change runtime behavior

RET503 [*] Missing explicit `return` at the end of function able to return non-`None` value
   --> RET503.py:310:1
    |
309 |   # match
310 | / def x(y):
311 | |     match y:
312 | |         case 0:
313 | |             return 1
314 | |         case 1:
315 | |             print()  # error
    | |___________________^
    |
help: Add explicit `return` statement
313 |             return 1
314 |         case 1:
315 |             print()  # error
316 +     return None
317 | 
318 | 
319 | def foo(baz: str) -> str:
note: This is an unsafe fix and may change runtime behavior

RET503 [*] Missing explicit `return` at the end of function able to return non-`None` value
   --> RET503.py:323:5
    |
322 |   def end_of_statement():
323 | /     def example():
324 | |         if True:
325 | |             return ""
    | |_____________________^
    |
help: Add explicit `return` statement
323 |     def example():
324 |         if True:
325 |             return ""
326 +         return None
327 | 
328 | 
329 |     def example():
note: This is an unsafe fix and may change runtime behavior

RET503 [*] Missing explicit `return` at the end of function able to return non-`None` value
   --> RET503.py:328:5
    |
328 | /     def example():
329 | |         if True:
330 | |             return ""
    | |_____________________^
    |
help: Add explicit `return` statement
328 |     def example():
329 |         if True:
330 |             return ""
331 +         return None
332 | 
333 | 
334 |     def example():
note: This is an unsafe fix and may change runtime behavior

RET503 [*] Missing explicit `return` at the end of function able to return non-`None` value
   --> RET503.py:333:5
    |
333 | /     def example():
334 | |         if True:
335 | |             return ""  # type: ignore
    | |_____________________^
    |
help: Add explicit `return` statement
333 |     def example():
334 |         if True:
335 |             return ""  # type: ignore
336 +         return None
337 | 
338 | 
339 |     def example():
note: This is an unsafe fix and may change runtime behavior

RET503 [*] Missing explicit `return` at the end of function able to return non-`None` value
   --> RET503.py:338:5
    |
338 | /     def example():
339 | |         if True:
340 | |             return ""  ;
    | |_____________________^
    |
help: Add explicit `return` statement
338 |     def example():
339 |         if True:
340 |             return ""  ;
341 +         return None
342 | 
343 | 
344 |     def example():
note: This is an unsafe fix and may change runtime behavior

RET503 [*] Missing explicit `return` at the end of function able to return non-`None` value
   --> RET503.py:343:5
    |
343 | /     def example():
344 | |         if True:
345 | |             return "" \
    | |_____________________^
346 |                   ;  # type: ignore
    |
help: Add explicit `return` statement
344 |         if True:
345 |             return "" \
346 |                 ;  # type: ignore
347 +         return None
348 | 
349 | 
350 | def end_of_file():
note: This is an unsafe fix and may change runtime behavior

RET503 [*] Missing explicit `return` at the end of function able to return non-`None` value
   --> RET503.py:349:1
    |
349 | / def end_of_file():
350 | |     if False:
351 | |         return 1
352 | |     x = 2 \
    | |_________^
    |
help: Add explicit `return` statement
351 |         return 1
352 |     x = 2 \
353 | 
354 +     return None
355 | 
356 | 
357 | # function return type annotation NoReturn
note: This is an unsafe fix and may change runtime behavior

RET503 [*] Missing explicit `return` at the end of function able to return non-`None` value
   --> RET503.py:421:1
    |
421 | / def f():
422 | |     if a:
423 | |         return b
424 | |     else:
425 | |         with c:
426 | |             d
    | |_____________^
    |
help: Add explicit `return` statement
424 |     else:
425 |         with c:
426 |             d
427 +     return None
428 | 
429 | 
430 | 
note: This is an unsafe fix and may change runtime behavior

RET503 [*] Missing explicit `return` at the end of function able to return non-`None` value
   --> RET503.py:436:1
    |
434 |   # the semantic model hasn't yet seen `bar`'s declaration.
435 |   # Supporting nested functions requires making this a deferred rule.
436 | / def foo(x: int) -> int:
437 | |     def bar() -> NoReturn:
438 | |         abort()
439 | |     if x == 5:
440 | |         return 5
441 | |     bar()
    | |_________^
    |
help: Add explicit `return` statement
439 |     if x == 5:
440 |         return 5
441 |     bar()
442 +     return None
note: This is an unsafe fix and may change runtime behavior
